Earth is the 4th element 🌎
Love is the 5th element! 💗
