Air is the 1st element
Fire is the 2nd element
Water is the 3rd element
