Air is the 1st element
Earth is the 4th element
Fire is the 2nd element
Water is the 3rd element
Love is the 5th element!
Aziz! Light!
